[21:17:15.273] [info] Rapport v0.1.0
[21:17:15.273] [info] ledger: registered with the save game
[21:17:15.273] [info] loaded
[21:17:45.846] [info] papyrus: bound 39 native functions on Rapport:Core
[21:18:10.074] [info] config: 13 key(s) from Data\F4SE\Plugins\Rapport.ini — tick 20s, warmup 60s, budget 0.25 ms, radius 4096, maxScenes 1, scene 30s, dry run false, verbose true
[21:18:10.074] [info] race allowed: Human (Fallout4.esm 0x00013746 -> 00013746)
[21:18:10.074] [info] race allowed: Ghoul (Fallout4.esm 0x000EAFB6 -> 000EAFB6)
[21:18:10.074] [info] race allowed: SynthGen1 (Fallout4.esm 0x000E8D09 -> 000E8D09)
[21:18:10.074] [info] race allowed: SynthGen2 (Fallout4.esm 0x0010BD65 -> 0010BD65)
[21:18:10.074] [info] race allowed: SynthGen2Valentine (Fallout4.esm 0x002261A4 -> 002261A4)
[21:18:10.074] [info] race allowed: DLC03_SynthGen2DiMa (DLCCoast.esm 0x00042EBB -> 03042EBB)
[21:18:10.075] [info] scoring: range 1536, observers within 900 | proximity 1.50, faction 0.60, interior 0.30, night 0.25, per observer -0.20, player near -0.50
[21:18:10.075] [info] debug hub: applying profile "off"
[21:18:10.075] [info] debug hub: engine logging already off
[21:18:10.075] [info] debug hub:   aaf  debug_to_papyrus_log = false
[21:18:10.075] [info] debug hub:   aaf  troubleshooting_level = 0
[21:18:10.075] [info] aftermath: using Commonwealth Moisturizer (worn meshes)
[21:18:10.075] [info] aftermath: kzSemen_Female.nif has morph data - it will follow each actor's body
[21:18:10.075] [info] aftermath: kzSemen_Male.nif has morph data - it will follow each actor's body
[21:18:10.075] [info] aftermath: both aftermath mods are installed - Rapport drives the meshes and SILENCES both, because a mod still listening to AAF goes on painting the same bodies on its own schedule
[21:18:10.075] [info] aftermath: 31 tag rule(s), 12 game hours
[21:18:10.075] [info] expressions: 0% Rapport_Anticipation, 25% Rapport_Pleasure_1, 50% Rapport_Pleasure_2, 80% Rapport_Pleasure_3, 95% Rapport_Climax; then Rapport_Dazed for 20s, then Rapport_Clear
[21:18:10.075] [info] takeover: 2 quest(s) from CumOverlays.esp will be STOPPED - Rapport owns persistent aftermath, so nothing else may apply it. Two reasons, either one sufficient: CumOverlays' own timer removes the same overlay TEMPLATES ours draw from and would strip them minutes into a twelve-hour window; and when Moisturizer is the backend, CumOverlays left running would paint its flat textures over the meshes
[21:18:10.075] [info] takeover: 1 quest(s) from ComMoisturizer.esp will be STOPPED - Rapport owns persistent aftermath, so its AAF listener must not also be applying cum on its own schedule -- whether Rapport is driving this mod or the other one. Only the listener is stopped: CMkz_SemenLib is the library Rapport calls and has to keep running
[21:18:10.075] [info] takeover: 9 quest(s) from AAF_SEU.esp will be STOPPED - Rapport replaces Sex 'Em Up; two mods watching for scene opportunities means two mods reserving the same actors, and SEU keeps its own hooks into AAF
[21:18:10.076] [info] takeover: AAF_AutonomyEnhanced.esp is not installed - nothing to take over there
[21:18:10.076] [info] papyrus: bridge quest 28000800 is loaded
[21:18:10.076] [info] scheduler started (tick 20s)
[21:18:15.418] [info] ledger: cleared for a new game or a load
[21:18:24.966] [info] ledger: after loading, 0 actor(s), 0 standing overlay(s), 0 face(s) to clear
[21:18:24.966] [info] session ready — warming up for 60s before the first tick
[21:18:27.316] [info] moisturizer: connected to the CMkz library
[21:18:27.497] [info] moisturizer: its player timer was 5.000000 minute(s) - setting it to 0, because Rapport removes this from the save in game hours
[21:18:27.520] [info] moisturizer: its NPC timer was 5.000000 minute(s) - setting it to 0
[21:18:27.585] [info] moisturizer: connected to the CMkz library
[21:18:27.585] [info] moisturizer: connected to the CMkz library
[21:18:37.005] [info] debug hub: applied 2 of 2 setting(s)
[21:18:37.139] [info] takeover: STOPPED CumOverlay_Main - Rapport owns persistent aftermath, so nothing else may apply it. Two reasons, either one sufficient: CumOverlays' own timer removes the same overlay TEMPLATES ours draw from and would strip them minutes into a twelve-hour window; and when Moisturizer is the backend, CumOverlays left running would paint its flat textures over the meshes
[21:18:37.255] [info] takeover: STOPPED CumOverlay_Starter - Rapport owns persistent aftermath, so nothing else may apply it. Two reasons, either one sufficient: CumOverlays' own timer removes the same overlay TEMPLATES ours draw from and would strip them minutes into a twelve-hour window; and when Moisturizer is the backend, CumOverlays left running would paint its flat textures over the meshes
[21:18:37.372] [info] takeover: STOPPED CMkz_EventHandler - Rapport owns persistent aftermath, so its AAF listener must not also be applying cum on its own schedule -- whether Rapport is driving this mod or the other one. Only the listener is stopped: CMkz_SemenLib is the library Rapport calls and has to keep running
[21:18:37.489] [info] takeover: STOPPED SEUQuest - Rapport replaces Sex 'Em Up; two mods watching for scene opportunities means two mods reserving the same actors, and SEU keeps its own hooks into AAF
[21:18:37.572] [info] takeover: SEUScanQuest was already stopped - left alone
[21:18:37.656] [info] takeover: SEUFlirtDialogueQuest was already stopped - left alone
[21:18:37.772] [info] takeover: STOPPED SEUPlayerLoadQuest - Rapport replaces Sex 'Em Up; two mods watching for scene opportunities means two mods reserving the same actors, and SEU keeps its own hooks into AAF
[21:18:37.889] [info] takeover: STOPPED SEUMCM - Rapport replaces Sex 'Em Up; two mods watching for scene opportunities means two mods reserving the same actors, and SEU keeps its own hooks into AAF
[21:18:37.972] [info] takeover: SEUFlirtSimpleQuest was already stopped - left alone
[21:18:38.056] [info] takeover: SEUProstitutionQuest was already stopped - left alone
[21:18:38.139] [info] takeover: SEUSurrenderScan was already stopped - left alone
[21:18:38.222] [info] takeover: SEUSurrenderQuest was already stopped - left alone
[21:18:38.255] [info] bridge: connected to AAF 1741 build Beta
[21:18:38.272] [info] bridge ready and listening every 3.0s
[21:19:24.992] [info] tick 1: 54 actors -> 4 candidates in 1 slice(s), 0.031 ms total, worst slice 0.031 ms (stale 0, unloaded 0, child 2, dead 1, combat 0, out of range 30, race 12, dialogue 0, quest 5)
[21:19:24.992] [info]    races rejected (6 distinct): 0002047E x6, 000359F4 x2, 000A563A x1, 000C9ACF x1, 000DFB33 x1, 0001D698 x1
[21:19:24.992] [info]    best pair CLEARS the 0.90 bar (4 candidates)
[21:19:24.992] [info]    would pair Geneva + Diamond City Security — score 1.59 (apart 168, faction shared, outdoors, day, observers 3)
[21:19:24.992] [info]    would pair Mayor McDonough + Diamond City Security — score 0.38 (apart 668, faction shared, outdoors, day, observers 3, player watching)
[21:19:24.992] [info]    would pair Mayor McDonough + Geneva — score 0.21 (apart 836, faction shared, outdoors, day, observers 3, player watching)
[21:19:24.992] [info] request 1: queued Geneva (00002F0B) and Diamond City Security (000F61B6) for 30s
[21:19:26.781] [info] bridge: request 1 starting for 12043 and 1008054, aaf status 2
[21:19:26.842] [info] bridge: StartScene returned for request 1
[21:19:27.069] [info] aaf: OnWalkInit args[11] [0]=0 [1]=[[Actor <GenevaREF (00002F0B)>], [Actor < (000F61B6)>]] [2]=None [3]=1313662 [4]=[-1.#IND00, -1.#IND00, -1.#IND00, -1.#IND00] [5]=Rapport,autonomy [6]=30.000000 [7]=True [8]=None [9]=[UAP] BP70 - Locker Sex [10]=["LOVE5", "TEASE", "", "PenisToVagina", "BP70", "HELD1", "FROMFRONT", "DOM3", "Neutral", "STIM3", "F_M", "NULLTOSELF", "Locker", "Carry"]
[21:19:37.285] [info] aaf: OnSceneInit args[11] [0]=0 [1]=[[Actor <GenevaREF (00002F0B)>], [Actor < (000F61B6)>]] [2]=None [3]=1313662 [4]=[-1510.677246, -2783.522217, 330.000000, 38.961090] [5]=Rapport,autonomy [6]=30.000000 [7]=True [8]=None [9]=[UAP] BP70 - Locker Sex [10]=["LOVE5", "TEASE", "", "PenisToVagina", "BP70", "HELD1", "FROMFRONT", "DOM3", "Neutral", "STIM3", "F_M", "NULLTOSELF", "Locker", "Carry"]
[21:19:37.303] [info] request 1: scene started
[21:19:37.303] [info] expressions: driving 00002F0B and 000F61B6 over 30s
[21:19:37.419] [info] aaf: OnAnimationStart args[14] [0]=0 [1]=[[Actor <GenevaREF (00002F0B)>], [Actor < (000F61B6)>]] [2]=[UAP] BP70 - Locker Sex [3]=["LOVE5", "TEASE", "", "PenisToVagina", "BP70", "HELD1", "FROMFRONT", "DOM3", "Neutral", "STIM3", "F_M", "NULLTOSELF", "Locker", "Carry"] [4]=Rapport,autonomy [5]=1313662 [6]=[] [7]=0 [8]=False [9]=[] [10]=[] [11]=[] [12]=[] [13]=[]
[21:19:45.024] [info] tick 2: 54 actors -> 2 candidates in 1 slice(s), 0.026 ms total, worst slice 0.026 ms (stale 0, unloaded 0, child 2, dead 1, combat 0, out of range 30, race 12, dialogue 0, quest 7)
[21:19:45.024] [info]    races rejected (6 distinct): 0002047E x6, 000359F4 x2, 000A563A x1, 000C9ACF x1, 000DFB33 x1, 0001D698 x1
[21:19:45.024] [info]    no viable pair (2 candidates, 51 watching)
[21:20:05.079] [info] tick 3: 54 actors -> 2 candidates in 1 slice(s), 0.020 ms total, worst slice 0.020 ms (stale 0, unloaded 0, child 2, dead 1, combat 0, out of range 30, race 12, dialogue 0, quest 7)
[21:20:05.079] [info]    races rejected (6 distinct): 0002047E x6, 000359F4 x2, 000A563A x1, 000C9ACF x1, 000DFB33 x1, 0001D698 x1
[21:20:05.079] [error] THE BRIDGE HAS STOPPED POLLING. It last answered after 20 poll(s) and has not asked once in the last tick, so nothing timed can happen from here: no expression, no overlay, no scene ending, no request collected. A poll with nothing to do and a poll that never happened write the same log, which is why this is said out loud. A scene is in flight, and the most likely cause is the AAF call that started it: a Papyrus stack does not return from one.
[21:20:05.079] [info]    no viable pair (2 candidates, 51 watching)
[21:20:25.108] [info] tick 4: 54 actors -> 2 candidates in 1 slice(s), 0.023 ms total, worst slice 0.023 ms (stale 0, unloaded 0, child 2, dead 1, combat 0, out of range 30, race 12, dialogue 0, quest 7)
[21:20:25.108] [info]    races rejected (6 distinct): 0002047E x6, 000359F4 x2, 000A563A x1, 000C9ACF x1, 000DFB33 x1, 0001D698 x1
[21:20:25.108] [info]    no viable pair (2 candidates, 51 watching)
[21:20:45.158] [info] tick 5: 54 actors -> 2 candidates in 1 slice(s), 0.021 ms total, worst slice 0.021 ms (stale 0, unloaded 0, child 2, dead 1, combat 0, out of range 30, race 12, dialogue 0, quest 7)
[21:20:45.158] [info]    races rejected (6 distinct): 0002047E x6, 000359F4 x2, 000A563A x1, 000C9ACF x1, 000DFB33 x1, 0001D698 x1
[21:20:45.158] [info]    no viable pair (2 candidates, 51 watching)
[21:21:05.191] [info] tick 6: 54 actors -> 2 candidates in 1 slice(s), 0.019 ms total, worst slice 0.019 ms (stale 0, unloaded 0, child 2, dead 1, combat 0, out of range 30, race 12, dialogue 0, quest 7)
[21:21:05.191] [info]    races rejected (6 distinct): 0002047E x6, 000359F4 x2, 000A563A x1, 000C9ACF x1, 000DFB33 x1, 0001D698 x1
[21:21:05.191] [info]    no viable pair (2 candidates, 51 watching)
[21:21:25.241] [info] tick 7: 54 actors -> 2 candidates in 1 slice(s), 0.018 ms total, worst slice 0.018 ms (stale 0, unloaded 0, child 2, dead 1, combat 0, out of range 30, race 12, dialogue 0, quest 7)
[21:21:25.241] [info]    races rejected (6 distinct): 0002047E x6, 000359F4 x2, 000A563A x1, 000C9ACF x1, 000DFB33 x1, 0001D698 x1
[21:21:25.241] [info]    no viable pair (2 candidates, 51 watching)
[21:21:45.275] [info] tick 8: 54 actors -> 2 candidates in 1 slice(s), 0.019 ms total, worst slice 0.019 ms (stale 0, unloaded 0, child 2, dead 1, combat 0, out of range 30, race 12, dialogue 0, quest 7)
[21:21:45.275] [info]    races rejected (6 distinct): 0002047E x6, 000359F4 x2, 000A563A x1, 000C9ACF x1, 000DFB33 x1, 0001D698 x1
[21:21:45.275] [info]    no viable pair (2 candidates, 51 watching)
[21:22:05.324] [info] tick 9: 54 actors -> 2 candidates in 1 slice(s), 0.021 ms total, worst slice 0.021 ms (stale 0, unloaded 0, child 2, dead 1, combat 0, out of range 30, race 12, dialogue 0, quest 7)
[21:22:05.324] [info]    races rejected (6 distinct): 0002047E x6, 000359F4 x2, 000A563A x1, 000C9ACF x1, 000DFB33 x1, 0001D698 x1
[21:22:05.324] [info]    no viable pair (2 candidates, 51 watching)
[21:22:25.364] [info] tick 10: 54 actors -> 4 candidates in 1 slice(s), 0.021 ms total, worst slice 0.021 ms (stale 0, unloaded 0, child 2, dead 1, combat 0, out of range 30, race 12, dialogue 0, quest 5)
[21:22:25.364] [info]    races rejected (6 distinct): 0002047E x6, 000359F4 x2, 000A563A x1, 000C9ACF x1, 000DFB33 x1, 0001D698 x1
[21:22:25.364] [info]    best pair CLEARS the 0.90 bar (4 candidates)
[21:22:25.364] [info]    would pair Geneva + Diamond City Security — score 0.98 (apart 358, faction shared, outdoors, day, observers 2, player watching)
[21:22:25.364] [info]    would pair Mayor McDonough + Diamond City Security — score -0.06 (apart 1277, faction shared, outdoors, day, observers 3, player watching)
[21:22:25.364] [info]    would pair Mayor McDonough + Geneva — score -0.10 (apart 1455, faction shared, outdoors, day, observers 3, player watching)
[21:22:25.364] [info]    holding: a scene is already running
[21:22:25.364] [info] health: 3 aaf event(s), last 167s ago
[21:22:25.364] [info] health: bridge ready, 1 queued, 1 collected, 1 started, 0 ended, 0 failed, a scene is in flight
[21:22:25.364] [info] health: the save remembers 0 actor(s) and 0 standing overlay(s)
[21:22:25.364] [info] health: 20 poll(s), 0 order(s) waiting
[21:22:25.364] [info] budget so far: 10 slices, 0.022 ms average, 0.031 ms worst
